---
source: src/ui/render.rs
expression: "branches_screen(&state, 92, 12)"
---
" where should chore/deps go?                                                                "
"────────────────────────────────────────────────────────────────────────────────────────────"
" here            split right               w1  app / agents                                 "
"                 split down                ┌─────────┬──────────┐                           "
" existing tab    w1  app / logs            │ ● claude│ + chore/…│                           "
" existing space  w3  notes → new tab       ├─────────┴──────────┤                           "
" new space       on its own                │ · shell            │                           "
" existing tab    w3  notes / zoomed        │ w1:p9              │                           "
"                                           └────────────────────┘                           "
"                                                                                            "
" chore/deps opens beside the pane you came from, split right ───────────────────────────────"
" ↵ open here  ↑↓ move  esc back                                                             "
