---
source: src/ui/render.rs
expression: "screen(&state, 92, 6)"
---
" / █                                                                                5 panes "
"────────────────────────────────────────────────────────────────────────────────────────────"
"   ├── ● main                     /wt/main                                                 █"
" ◆ │  ├── ● claude                w1:p1                                                    │"
" me/app · main · w1:p1 · working · /wt/main ────────────────────────────────────────────────"
" ↵ keep search  ctrl+u clear  esc cancel  ↑↓ move  ←→ repo                                  "
