---
source: src/ui/render.rs
expression: "screen(&state, 92, 12)"
---
" / ● blocked                                                                        5 panes "
"────────────────────────────────────────────────────────────────────────────────────────────"
"   ● me/site (1)                                                                            "
"   └── ● develop       /wt/develop                                                          "
"      └── ● claude     w3:p1                                                                "
"                                                                                            "
"                                                                                            "
"                                                                                            "
"                                                                                            "
"                                                                                            "
" me/site · develop · w3:p1 · blocked · /wt/develop ─────────────────────────────────────────"
" ↵ jump  n new  ←→ repo  ⇥ branches  / search  b/w/i/d/a states  shift+d remove  esc close  "
