---
source: src/ui/render.rs
expression: "screen(&state, 92, 12)"
---
" / codex█                                                                           5 panes "
"────────────────────────────────────────────────────────────────────────────────────────────"
" ◆ ▾ ● me/app (3)                                                                           "
"   └── ○ feat/login                                              /wt/feat-login             "
"      └── ○ codex                                                w2:p1                      "
"                                                                                            "
"                                                                                            "
"                                                                                            "
"                                                                                            "
"                                                                                            "
" me/app · 3 worktrees · 3 panes · /src/app ─────────────────────────────────────────────────"
" ↵ keep search  ctrl+u clear  esc cancel  ↑↓ move                                           "
