---
source: src/ui/render.rs
expression: "screen(&state, 92, 12)"
---
" / ● blocked                                                                        5 panes "
"────────────────────────────────────────────────────────────────────────────────────────────"
"   ▾ ● me/site (1)                                                                          "
"   └── ● develop      /wt/develop                                                           "
"      └── ● claude    w3:p1                                                                 "
"                                                                                            "
"                                                                                            "
"                                                                                            "
"                                                                                            "
"                                                                                            "
" me/site · 1 worktree · 1 pane · /src/site ─────────────────────────────────────────────────"
" ↵ jump  n new pane  ⇥ branches  / search  b/w/i/d/a states  h other  r reload  esc close   "
