---
source: src/ui/render.rs
expression: "screen(&state, 92, 12)"
---
"┌──────────────────────────────────────────────────────────────────────────────────────────┐"
"│ / codex█                                                                         5 panes │"
"│──────────────────────────────────────────────────────────────────────────────────────────│"
"│ ◆ ▾ ● me/app (3)                                              1 working · 1 idle         │"
"│   └── ○ feat/login                                            1 pane · 1 idle            │"
"│      └── ○ codex                                              codex · idle               │"
"│                                                                                          │"
"│                                                                                          │"
"│                                                                                          │"
"│ me/app · 3 worktrees · 3 panes · /src/app ───────────────────────────────────────────────│"
"│ ↵ keep search  ctrl+u clear  esc cancel  ↑↓ move                                         │"
"└──────────────────────────────────────────────────────────────────────────────────────────┘"
