---
source: src/ui/render.rs
expression: "screen(&state, 92, 14)"
---
" / search panes                                                                     5 panes "
"────────────────────────────────────────────────────────────────────────────────────────────"
" ◆ ▸ ● me/app (3)                                                /src/app                   "
"                                                                                            "
"   ▾ ● me/site (1)                                                                          "
"   └── ● develop                                                 /wt/develop                "
"      └── ● claude                                               w3:p1                      "
"                                                                                            "
"                                                                                            "
"                                                                                            "
"                                                                                            "
"                                                                                            "
" me/app · 3 worktrees · 3 panes · /src/app ─────────────────────────────────────────────────"
" ↵ jump  n new pane  ⇥ branches  / search  b/w/i/d/a states  h other  r reload  esc close   "
