---
source: src/ui/render.rs
expression: "branches_screen(&state, 92, 10)"
---
" / feat/brand-new█                                                     ⇅ state ↓   1 branch "
"────────────────────────────────────────────────────────────────────────────────────────────"
"   + feat/brand-new  create                                                                 "
"                                                                                            "
"                                                                                            "
"                                                                                            "
"                                                                                            "
"                                                                                            "
" me/app · feat/brand-new · does not exist yet ──────────────────────────────────────────────"
" ↵ choose  ctrl+u clear  esc cancel  ↑↓ move  ctrl+f fetch  ctrl+o order  ctrl+r reverse    "
