---
source: src/ui/render.rs
expression: "screen(&state, 92, 20)"
---
" / gh could not be run: no such file or directory                                  1 marked "
"────────────────────────────────────────────────────────────────────────────────────────────"
" ◆ ● me/app (3)                                                                             "
"   ├── ● main                           /wt/main                                            "
" ◆ │  ├── ● claude                      w1:p1                                               "
"   │  └── · shell                       w1:p2                                               "
"   ├── ○ feat/login  gone               /wt/feat-login                                      "
"   │  └── ○ codex                       w2:p1                                               "
"[x]└── · fix/crash  gone  no pane       /wt/fix-crash                                       "
"                                                                                            "
"   ● me/site (1)                                                                            "
"   ├── ● develop                        /wt/develop                                         "
"   │  └── ● claude                      w3:p1                                               "
"[ ]└── · chore/deps  PR unknown         /wt/chore-deps                                      "
"                                                                                            "
"   · not in any repository (1)                                                              "
"   └── · shell                          w9:p1                                               "
"                                                                                            "
" me/app · main · w1:p1 · working · /wt/main ────────────────────────────────────────────────"
" space mark  ↑↓ move  ←→ repo  shift+s done  esc done                                       "
