---
source: src/ui/render.rs
expression: "screen(&state, 92, 10)"
---
" / search panes                                                                     5 panes "
"────────────────────────────────────────────────────────────────────────────────────────────"
"   │  └── ○ codex              w2:p1                                                       │"
"   └── · fix/crash  no pane    /wt/fix-crash                                               │"
"                                                                                           │"
"   ▾ ● me/site (1)                                                                         █"
"   └── ● develop               /wt/develop                                                 █"
"      └── ● claude             w3:p1                                                       █"
" me/site · develop · main checkout · /wt/develop ───────────────────────────────────────────"
" ↵ jump  n new pane  ⇥ branches  / search  b/w/i/d/a states  h other  r reload  esc close   "
