---
source: src/ui/render.rs
expression: "screen(&state, 92, 10)"
---
"┌──────────────────────────────────────────────────────────────────────────────────────────┐"
"│ / zzzz█                                                                          5 panes │"
"│──────────────────────────────────────────────────────────────────────────────────────────│"
"│nothing matches                                                                           │"
"│                                                                                          │"
"│                                                                                          │"
"│                                                                                          │"
"│──────────────────────────────────────────────────────────────────────────────────────────│"
"│ ↵ keep search  ctrl+u clear  esc cancel  ↑↓ move                                         │"
"└──────────────────────────────────────────────────────────────────────────────────────────┘"
