---
source: src/ui/render.rs
expression: "branches_screen(&state, 110, 8)"
---
" / search branches█  ⠙ fetching origin…                                                ⇅ state ↓   5 branches "
"──────────────────────────────────────────────────────────────────────────────────────────────────────────────"
"   ● feat/login   running      #123 Add the login screen (draft)                                             █"
"   ○ fix/crash    checked out  latest work on fix/crash                                                      █"
"   · main         local        latest work on main                                                           █"
"   · chore/deps   local        latest work on chore/deps                                                     │"
" me/app · feat/login · open in w2:p1 · /wt/feat-login · #123 Add the login screen (draft) ────────────────────"
" type to filter  ↵ choose  ctrl+o order  ctrl+r reverse  ctrl+f fetch  ⇥ panes  ctrl+u clear  esc back        "
