---
source: src/ui/render.rs
expression: "screen(&state, 92, 10)"
---
" / search panes                                                                     5 panes "
"────────────────────────────────────────────────────────────────────────────────────────────"
" ◆ │  ├── ● claude             w1:p1                                                       │"
"   │  └── · shell              w1:p2                                                       █"
"   ├── ○ feat/login            /wt/feat-login                                              █"
"   │  └── ○ codex              w2:p1                                                       │"
"   └── · fix/crash  no pane    /wt/fix-crash                                               │"
"                                                                                           │"
" me/app · feat/login · w2:p1 · idle · /wt/feat-login ───────────────────────────────────────"
" ↵ jump  n new pane  ←→ repo  ⇥ branches  / search  b/w/i/d/a states  r reload  esc close   "
