---
source: src/ui/render.rs
expression: "screen(&PanesState::new(tree(), None), 46, 14)"
---
" / search panes                       5 panes "
"──────────────────────────────────────────────"
" ◆ ▾ ● me/app (3)                            █"
"   ├── ● main                                █"
" ◆ │  ├── ● claude                           █"
"   │  └── · shell                            █"
"   ├── ○ feat/login                          █"
"   │  └── ○ codex                            █"
"   └── · fix/crash  no pane                  █"
"                                             █"
"   ▾ ● me/site (1)                           █"
"   └── ● develop                             │"
" me/app · 3 worktrees · 3 panes · /src/app ───"
" ↵ jump  ⇥ branches  / search  esc close      "
