---
source: src/ui/render.rs
expression: "screen(&state, 92, 10)"
---
" / search panes                                                                     5 panes "
"────────────────────────────────────────────────────────────────────────────────────────────"
"   │  └── ○ codex                                                codex · idle              │"
"   └── · fix/crash                                               no pane                   │"
"                                                                                           │"
"   ▾ ● me/site (1)                                               1 blocked                 █"
"   └── ● develop                                                 1 pane · 1 blocked        █"
"      └── ● claude                                               claude · blocked          █"
" me/site · develop · main checkout · /wt/develop ───────────────────────────────────────────"
" ↵ jump  n new pane  ⇥ branches  / search  b/w/i/d/a states  h other  r reload  esc close   "
